// Jest Snapshot v1, https://goo.gl/fbAQLP

exports[`Home Displays landing page content 1`] = `
<div>
  <h1>
    Welcome to eGarage
  </h1>
</div>
`;
